Renesas Optimizing Linker (W2.08.00 )             25-Dec-2019 22:07:01

*** Options ***

-subcommand=LinkerProva_motori.tmp
-noprelink
-input=".\generate/r_bsp/board/rdkrx63n\lowlvl.obj"
-input=".\generate/r_bsp/board/rdkrx63n\dbsct.obj"
-input=".\generate/r_bsp/board/rdkrx63n\flash_options.obj"
-input=".\generate/r_bsp/board/rdkrx63n\hwsetup.obj"
-input=".\generate/r_bsp/board/rdkrx63n\lcd.obj"
-input=".\generate/r_bsp/board/rdkrx63n\lowsrc.obj"
-input=".\generate/r_bsp/board/rdkrx63n\resetprg.obj"
-input=".\generate/r_bsp/board/rdkrx63n\sbrk.obj"
-input=".\generate/r_bsp/board/rdkrx63n\vecttbl.obj"
-input=".\generate/r_glyph/src/glyph/drivers\st7579_lcd.obj"
-input=".\generate/r_glyph/src/glyph/fonts\bitmap_font.obj"
-input=".\generate/r_glyph/src/glyph/fonts\font_8x16.obj"
-input=".\generate/r_glyph/src/glyph/fonts\font_8x8.obj"
-input=".\generate/r_glyph/src/glyph/fonts\font_helvr10.obj"
-input=".\generate/r_glyph/src/glyph/fonts\font_winfreesystem14x16.obj"
-input=".\generate/r_glyph/src/glyph/fonts\font_x5x7.obj"
-input=".\generate/r_glyph/src/glyph/fonts\font_x6x13.obj"
-input=".\generate/r_glyph/src/glyph\glyph.obj"
-input=".\generate/r_glyph/src\r_glyph.obj"
-input=".\generate/r_glyph/src\r_glyph_register.obj"
-input=".\generate/r_riic_rx600/src\r_riic_rx600.obj"
-input=".\generate/r_riic_rx600/src\r_riic_rx600_master.obj"
-input=".\generate/r_rspi_rx600/src\r_rspi_rx600.obj"
-input=".\generate/r_switches/src\r_switches.obj"
-input=".\src/Altimeter\Altimetro.obj"
-input=".\src/Altimeter/Ducted_Drivers\Motor.obj"
-input=".\src/Altimeter/Ducted_Drivers\PID.obj"
-input=".\src/Altimeter/Ducted_Drivers\map.obj"
-input=".\src/Altimeter/LowLevelDrivers\I2C.obj"
-input=".\src/Altimeter/LowLevelDrivers\MTU_C3.obj"
-input=".\src/Altimeter/LowLevelDrivers\MTU_C4.obj"
-input=".\src/Altimeter/LowLevelDrivers\MTU_C5U.obj"
-input=".\src/Altimeter/LowLevelDrivers\MTU_C5W.obj"
-input=".\src\CMT.obj"
-input=".\src\I2C_new.obj"
-input=".\src/IMU\AHRS.obj"
-input=".\src/IMU\PrintOnScreen.obj"
-input=".\src/IMU\SetupAHRS.obj"
-input=".\src/IMU/eMPL\inv_mpu.obj"
-input=".\src/IMU\imu.obj"
-input=".\src/IMU\mag.obj"
-input=".\src\S12ADC.obj"
-input=".\src\main.obj"
-library=".\Prova_motori.lib"
-start=SI,SU,B_1,R_1,B_2,R_2,B,R/0,C_1,C_2,C,C$*,L*,D*,P,W*/0FFF80000,FIXEDVECT/0FFFFFF90
-output="Prova_motori.abs"
-form=absolute
-nomessage
-list=Prova_motori.map
-nooptimize
-rom=D=R,D_1=R_1,D_2=R_2
-nologo

*** Error information ***

*** Mapping List ***

SECTION                            START      END         SIZE   ALIGN
SI
                                  00000000  000003ff       400   4
SU
                                  00000400  000013ff      1000   4
B_1
                                  00001400  00001490        91   1
R_1
                                  00001491  000014e8        58   1
B_2
                                  000014ea  000014eb         2   2
R_2
                                  000014ec  000014f9         e   2
B
                                  000014fc  00001cab       7b0   4
R
                                  00001cac  00003bfb      1f50   4
$ADDR_C_FF7FFFE8
                                  ff7fffe8  ff7fffff        18   1
C_1
                                  fff80000  fff8356b      356c   1
C_2
                                  fff8356c  fff8377b       210   2
C
                                  fff8377c  fff8398f       214   4
C$DSEC
                                  fff83990  fff839b3        24   4
C$BSEC
                                  fff839b4  fff839cb        18   4
C$VECT
                                  fff839cc  fff83dcb       400   4
L
                                  fff83dcc  fff841b0       3e5   4
D
                                  fff841b4  fff86103      1f50   4
D_1
                                  fff86104  fff8615b        58   1
D_2
                                  fff8615c  fff86169         e   2
P
                                  fff8616a  fff91292      b129   1
W
                                  fff91294  fff91294         0   4
W_1
                                  fff91294  fff9129b         8   1
W_2
                                  fff9129c  fff912bf        24   2
$ADDR_C_FFFFFF80
                                  ffffff80  ffffff8f        10   1
FIXEDVECT
                                  ffffff90  ffffffff        70   4
