Renesas Optimizing Linker (W2.08.00 )             18-May-2019 16:26:38

*** Options ***

-subcommand=LinkerAHRS.tmp
-noprelink
-input=".\generate/r_bsp/board/rdkrx63n\lowlvl.obj"
-input=".\generate/r_bsp/board/rdkrx63n\dbsct.obj"
-input=".\generate/r_bsp/board/rdkrx63n\flash_options.obj"
-input=".\generate/r_bsp/board/rdkrx63n\hwsetup.obj"
-input=".\generate/r_bsp/board/rdkrx63n\lcd.obj"
-input=".\generate/r_bsp/board/rdkrx63n\lowsrc.obj"
-input=".\generate/r_bsp/board/rdkrx63n\resetprg.obj"
-input=".\generate/r_bsp/board/rdkrx63n\sbrk.obj"
-input=".\generate/r_bsp/board/rdkrx63n\vecttbl.obj"
-input=".\generate/r_glyph/src/glyph/drivers\st7579_lcd.obj"
-input=".\generate/r_glyph/src/glyph/fonts\bitmap_font.obj"
-input=".\generate/r_glyph/src/glyph/fonts\font_8x16.obj"
-input=".\generate/r_glyph/src/glyph/fonts\font_8x8.obj"
-input=".\generate/r_glyph/src/glyph/fonts\font_helvr10.obj"
-input=".\generate/r_glyph/src/glyph/fonts\font_winfreesystem14x16.obj"
-input=".\generate/r_glyph/src/glyph/fonts\font_x5x7.obj"
-input=".\generate/r_glyph/src/glyph/fonts\font_x6x13.obj"
-input=".\generate/r_glyph/src/glyph\glyph.obj"
-input=".\generate/r_glyph/src\r_glyph.obj"
-input=".\generate/r_glyph/src\r_glyph_register.obj"
-input=".\generate/r_riic_rx600/src\r_riic_rx600.obj"
-input=".\generate/r_riic_rx600/src\r_riic_rx600_master.obj"
-input=".\generate/r_rspi_rx600/src\r_rspi_rx600.obj"
-input=".\src\AHRS.obj"
-input=".\src\CMT.obj"
-input=".\src\PrintOnScreen.obj"
-input=".\src\SetupAHRS.obj"
-input=".\src/eMPL\inv_mpu.obj"
-input=".\src\i2c.obj"
-input=".\src\imu.obj"
-input=".\src\mag.obj"
-input=".\src\main.obj"
-library=".\AHRS.lib"
-start=SI,SU,B_1,R_1,B_2,R_2,B,R/0,C_1,C_2,C,C$*,L*,D*,P,W*/0FFF80000,FIXEDVECT/0FFFFFF90
-output="AHRS.abs"
-form=absolute
-nomessage
-list=AHRS.map
-nooptimize
-rom=D=R,D_1=R_1,D_2=R_2
-nologo

*** Error information ***

*** Mapping List ***

SECTION                            START      END         SIZE   ALIGN
SI
                                  00000000  000003ff       400   4
SU
                                  00000400  000013ff      1000   4
B_1
                                  00001400  00001430        31   1
R_1
                                  00001431  00001488        58   1
B_2
                                  00001489  00001489         0   1
R_2
                                  0000148a  00001497         e   2
B
                                  00001498  000018ef       458   4
R
                                  000018f0  000037ef      1f00   4
$ADDR_C_FF7FFFE8
                                  ff7fffe8  ff7fffff        18   1
C_1
                                  fff80000  fff8356a      356b   1
C_2
                                  fff8356c  fff83779       20e   2
C
                                  fff8377c  fff83933       1b8   4
C$DSEC
                                  fff83934  fff83957        24   4
C$BSEC
                                  fff83958  fff8396f        18   4
C$VECT
                                  fff83970  fff83d6f       400   4
L
                                  fff83d70  fff83f5c       1ed   4
D
                                  fff83f60  fff85e5f      1f00   4
D_1
                                  fff85e60  fff85eb7        58   1
D_2
                                  fff85eb8  fff85ec5         e   2
P
                                  fff85ec6  fff8f061      919c   1
W
                                  fff8f064  fff8f064         0   4
W_1
                                  fff8f064  fff8f06b         8   1
W_2
                                  fff8f06c  fff8f08f        24   2
$ADDR_C_FFFFFF80
                                  ffffff80  ffffff8f        10   1
FIXEDVECT
                                  ffffff90  ffffffff        70   4
